[backblue.gif]
[fade.gif]
[index.html]
[www.dantata-sawoe.com/images/favicon.png]
[www.dantata-sawoe.com/images/logo.png]
[www.dantata-sawoe.com/images/slider-main/slider1.jpg]
[www.dantata-sawoe.com/images/slider-main/slider2.jpg]
[www.dantata-sawoe.com/images/slider-main/slider3.jpg]
[www.dantata-sawoe.com/images/slider-main/slider4.jpg]
[www.dantata-sawoe.com/images/slider-main/slider5.jpg]
[www.dantata-sawoe.com/images/slider-main/slider6.jpg]
[www.dantata-sawoe.com/images/slider-main/slider7.jpg]
[www.dantata-sawoe.com/images/icon-image/service-icon5.png]
[www.dantata-sawoe.com/images/icon-image/service-icon1.png]
[www.dantata-sawoe.com/images/icon-image/service-icon3.png]
[www.dantata-sawoe.com/images/icon-image/service-icon4.png]
[www.dantata-sawoe.com/images/icon-image/service-icon2.png]
[www.dantata-sawoe.com/images/footer-logo.png]
[www.dantata-sawoe.com/plugins/jQuery/jquery.min.js]
[www.dantata-sawoe.com/plugins/bootstrap/bootstrap.min.js]
[www.dantata-sawoe.com/plugins/slick/slick.min.js]
[www.dantata-sawoe.com/plugins/slick/slick-animation.min.js]
[www.dantata-sawoe.com/plugins/colorbox/jquery.colorbox.js]
[www.dantata-sawoe.com/plugins/shuffle/shuffle.min.js]
[maps.googleapis.com/maps/api/jsb0c1]
[www.dantata-sawoe.com/plugins/google-map/map.js]
[www.dantata-sawoe.com/index.html]
[www.dantata-sawoe.com/plugins/bootstrap/bootstrap.min.css]
[www.dantata-sawoe.com/js/script.js]
[www.dantata-sawoe.com/plugins/fontawesome/webfonts/fa-brands-400.eot]
[www.dantata-sawoe.com/plugins/fontawesome/webfonts/fa-brands-400d41d.eot]
[www.dantata-sawoe.com/plugins/fontawesome/webfonts/fa-regular-400.eot]
[www.dantata-sawoe.com/plugins/fontawesome/webfonts/fa-regular-400d41d.eot]
[www.dantata-sawoe.com/plugins/fontawesome/webfonts/fa-solid-900.eot]
[www.dantata-sawoe.com/plugins/fontawesome/webfonts/fa-solid-900d41d.eot]
[www.dantata-sawoe.com/plugins/fontawesome/css/all.min.css]
[www.dantata-sawoe.com/plugins/animate-css/animate.css]
[www.dantata-sawoe.com/plugins/slick/slick.css]
[www.dantata-sawoe.com/plugins/slick/ajax-loader.gif]
[www.dantata-sawoe.com/plugins/slick/fonts/slick.eot]
[www.dantata-sawoe.com/plugins/slick/fonts/slickd41d.eot]
[www.dantata-sawoe.com/plugins/slick/slick-theme.css]
[www.dantata-sawoe.com/plugins/colorbox/colorbox.css]
[www.dantata-sawoe.com/plugins/colorbox/controls.png]
[www.dantata-sawoe.com/images/crossword.png]
[www.dantata-sawoe.com/css/style.css]
[www.dantata-sawoe.com/images/banner/banner1.jpg]
[www.dantata-sawoe.com/about.html]
[www.dantata-sawoe.com/pdf/iso.pdf]
[www.dantata-sawoe.com/images/directors/t1.jpg]
[www.dantata-sawoe.com/images/directors/t2.jpg]
[www.dantata-sawoe.com/images/directors/t3.jpg]
[www.dantata-sawoe.com/images/directors/t4.jpg]
[www.dantata-sawoe.com/images/directors/t5.jpg]
[www.dantata-sawoe.com/images/directors/t6.jpg]
[www.dantata-sawoe.com/images/directors/t7.jpg]
[www.dantata-sawoe.com/images/directors/t8.jpg]
[www.dantata-sawoe.com/board-of-directors.html]
[www.dantata-sawoe.com/data-protection.html]
[www.dantata-sawoe.com/images/services/roads/p1.jpg]
[www.dantata-sawoe.com/images/services/roads/p2.jpg]
[www.dantata-sawoe.com/images/services/roads/p3.jpg]
[www.dantata-sawoe.com/images/services/roads/p4.jpg]
[www.dantata-sawoe.com/images/services/roads/p5.jpg]
[www.dantata-sawoe.com/road-airstrip-highway-bridge.html]
[www.dantata-sawoe.com/images/services/roads/p6.jpg]
[www.dantata-sawoe.com/images/services/house/p1.jpg]
[www.dantata-sawoe.com/images/services/house/p2.jpg]
[www.dantata-sawoe.com/images/services/house/p3.jpg]
[www.dantata-sawoe.com/images/services/house/p4.jpg]
[www.dantata-sawoe.com/images/services/house/p5.jpg]
[www.dantata-sawoe.com/residential-industrial-building-construction.html]
[www.dantata-sawoe.com/images/services/house/p6.jpg]
[www.dantata-sawoe.com/images/services/roads/p7.jpg]
[www.dantata-sawoe.com/infrastructural-town-development.html]
[www.dantata-sawoe.com/images/services/roads/p8.jpg]
[www.dantata-sawoe.com/images/services/irrig/dam.jpg]
[www.dantata-sawoe.com/irrigation-drainage.html]
[www.dantata-sawoe.com/images/services/irrig/irr0.jpg]
[www.dantata-sawoe.com/images/services/water/p1.jpg]
[www.dantata-sawoe.com/water-treatment.html]
[www.dantata-sawoe.com/images/services/water/p2.jpg]
[www.dantata-sawoe.com/images/projects/roads/p1.jpg]
[www.dantata-sawoe.com/images/projects/roads/p2.jpg]
[www.dantata-sawoe.com/images/projects/roads/p3.jpg]
[www.dantata-sawoe.com/images/projects/roads/p4.jpg]
[www.dantata-sawoe.com/images/projects/roads/p5.jpg]
[www.dantata-sawoe.com/images/projects/roads/p6.jpg]
[www.dantata-sawoe.com/images/projects/roads/p7.jpg]
[www.dantata-sawoe.com/images/projects/roads/p8.jpg]
[www.dantata-sawoe.com/images/projects/water/p1.jpg]
[www.dantata-sawoe.com/images/projects/water/p2.jpg]
[www.dantata-sawoe.com/images/projects/water/p3.jpg]
[www.dantata-sawoe.com/images/projects/irrig/dam.jpg]
[www.dantata-sawoe.com/images/projects/irrig/irr0.jpg]
[www.dantata-sawoe.com/images/projects/house/p1.jpg]
[www.dantata-sawoe.com/images/projects/house/p2.jpg]
[www.dantata-sawoe.com/images/projects/house/p3.jpg]
[www.dantata-sawoe.com/images/projects/house/p4.jpg]
[www.dantata-sawoe.com/images/projects/house/p5.jpg]
[www.dantata-sawoe.com/images/projects/house/p6.jpg]
[www.dantata-sawoe.com/projects.html]
[www.dantata-sawoe.com/projects-timeline.html]
[www.dantata-sawoe.com/career.html]
[www.dantata-sawoe.com/images/banner/banner2.jpg]
[www.dantata-sawoe.com/contact.html]
[www.dantata-sawoe.com/images/services/pservice-center.html]
[www.dantata-sawoe.com/plugins/fontawesome/webfonts/fa-brands-400.html]
[www.dantata-sawoe.com/plugins/fontawesome/webfonts/fa-brands-401.html]
[www.dantata-sawoe.com/plugins/fontawesome/webfonts/fa-brands-402.html]
[www.dantata-sawoe.com/plugins/fontawesome/webfonts/fa-brands-400.svg]
[www.dantata-sawoe.com/plugins/fontawesome/webfonts/fa-regular-400.html]
[www.dantata-sawoe.com/plugins/fontawesome/webfonts/fa-regular-401.html]
[www.dantata-sawoe.com/plugins/fontawesome/webfonts/fa-regular-402.html]
[www.dantata-sawoe.com/plugins/fontawesome/webfonts/fa-regular-400.svg]
[www.dantata-sawoe.com/plugins/fontawesome/webfonts/fa-solid-900.html]
[www.dantata-sawoe.com/plugins/fontawesome/webfonts/fa-solid-901.html]
[www.dantata-sawoe.com/plugins/fontawesome/webfonts/fa-solid-902.html]
[www.dantata-sawoe.com/plugins/fontawesome/webfonts/fa-solid-900.svg]
[www.dantata-sawoe.com/plugins/slick/fonts/slick.html]
[www.dantata-sawoe.com/plugins/slick/fonts/slick-2.html]
[www.dantata-sawoe.com/plugins/slick/fonts/slick.svg]
[www.dantata-sawoe.com/plugins/images/loading.html]
[www.dantata-sawoe.com/images/preload.html]
[www.dantata-sawoe.com/images/parallax2.html]
[www.dantata-sawoe.com/images/projects/project1.jpg]
[www.dantata-sawoe.com/images/projects/project2.jpg]
[www.dantata-sawoe.com/construction-consultancy-management.html]
[www.dantata-sawoe.com/job/images/logo.png]
[www.dantata-sawoe.com/job/vendors/bootstrap/dist/js/bootstrap.min.js]
[www.dantata-sawoe.com/job/assets/js/main.js]
[www.dantata-sawoe.com/job/index.html]
[www.dantata-sawoe.com/job/apple-icon.html]
[www.dantata-sawoe.com/job/favicon.html]
[www.dantata-sawoe.com/job/vendors/bootstrap/dist/css/bootstrap.min.css]
[www.dantata-sawoe.com/job/vendors/font-awesome/css/font-awesome.min.html]
[www.dantata-sawoe.com/job/vendors/themify-icons/css/themify-icons.html]
[www.dantata-sawoe.com/job/vendors/flag-icon-css/css/flag-icon.min.html]
[www.dantata-sawoe.com/job/vendors/selectFX/css/cs-skin-elastic.html]
[www.dantata-sawoe.com/job/images/twitter_corner_black.png]
[www.dantata-sawoe.com/job/images/twitter_corner_blue.png]
[www.dantata-sawoe.com/job/assets/css/style.css]
[www.dantata-sawoe.com/job/vendors/jquery/dist/jquery.min.html]
[www.dantata-sawoe.com/job/vendors/popper.js/dist/umd/popper.min.html]
